---
source: src/rules/builtin/persistence.rs
expression: findings
---
[
  {
    "id": "PS-005",
    "severity": "critical",
    "category": "persistence",
    "confidence": "certain",
    "name": "SSH authorized_keys modification",
    "line": 5,
    "code": "echo 'ssh-rsa AAAA...' >> ~/.ssh/authorized_keys",
    "message": "Persistence mechanism: authorized_keys modification detected",
    "recommendation": "Skills should never modify SSH authorized_keys"
  },
  {
    "id": "PS-005",
    "severity": "critical",
    "category": "persistence",
    "confidence": "certain",
    "name": "SSH authorized_keys modification",
    "line": 6,
    "code": "cat key.pub >> /home/user/.ssh/authorized_keys",
    "message": "Persistence mechanism: authorized_keys modification detected",
    "recommendation": "Skills should never modify SSH authorized_keys"
  },
  {
    "id": "PS-005",
    "severity": "critical",
    "category": "persistence",
    "confidence": "certain",
    "name": "SSH authorized_keys modification",
    "line": 7,
    "code": "tee -a ~/.ssh/authorized_keys",
    "message": "Persistence mechanism: authorized_keys modification detected",
    "recommendation": "Skills should never modify SSH authorized_keys"
  }
]
